<html>
<body>
<pre>
<h1>µVision Build Log</h1>
<h2>Project:</h2>
C:\Users\Animesh Rawat\Desktop\bt\blth.uvproj
Project File Date:  09/06/2015

<h2>Output:</h2>
Build target 'Target 1'
assembling Startup.s...
linking...
blth.axf: Warning: L6665W: Neither Lib$$Request$$armlib Lib$$Request$$cpplib defined, not searching ARM libraries.
blth.axf: Error: L6411E: No compatible library exists with a definition of startup symbol __main.
Target not created
Rebuild target 'Target 1'
assembling Startup.s...
linking...
blth.axf: Warning: L6665W: Neither Lib$$Request$$armlib Lib$$Request$$cpplib defined, not searching ARM libraries.
blth.axf: Error: L6411E: No compatible library exists with a definition of startup symbol __main.
Target not created
Rebuild target 'Target 1'
assembling Startup.s...
linking...
blth.axf: Warning: L6665W: Neither Lib$$Request$$armlib Lib$$Request$$cpplib defined, not searching ARM libraries.
blth.axf: Error: L6411E: No compatible library exists with a definition of startup symbol __main.
Target not created
Rebuild target 'Target 1'
assembling Startup.s...
compiling BLTH.c...
BLTH.c(93): warning:  #951-D: return type of function "main" must be "int"
BLTH.c(95): warning:  #177-D: variable "y" was declared but never referenced
linking...
Program Size: Code=1312 RO-data=16 RW-data=0 ZI-data=1256  
FromELF: creating hex file...
"blth.axf" - 0 Error(s), 2 Warning(s).
Build target 'Target 1'
compiling BLTH.c...
BLTH.c(93): warning:  #951-D: return type of function "main" must be "int"
BLTH.c(95): warning:  #177-D: variable "y" was declared but never referenced
linking...
Program Size: Code=1224 RO-data=16 RW-data=0 ZI-data=1256  
FromELF: creating hex file...
"blth.axf" - 0 Error(s), 2 Warning(s).
Build target 'Target 1'
linking...
Program Size: Code=1224 RO-data=16 RW-data=0 ZI-data=1256  
FromELF: creating hex file...
"blth.axf" - 0 Error(s), 0 Warning(s).
Rebuild target 'Target 1'
assembling Startup.s...
compiling BLTH.c...
BLTH.c(93): warning:  #951-D: return type of function "main" must be "int"
BLTH.c(95): warning:  #177-D: variable "y" was declared but never referenced
linking...
Program Size: Code=1224 RO-data=16 RW-data=0 ZI-data=1256  
FromELF: creating hex file...
"blth.axf" - 0 Error(s), 2 Warning(s).
Rebuild target 'Target 1'
assembling Startup.s...
compiling BLTH.c...
BLTH.c(93): warning:  #951-D: return type of function "main" must be "int"
BLTH.c(109): error:  #513: a value of type "void (*)(char)" cannot be assigned to an entity of type "int"
Target not created
Rebuild target 'Target 1'
assembling Startup.s...
compiling BLTH.c...
BLTH.c(93): warning:  #951-D: return type of function "main" must be "int"
BLTH.c(109): error:  #513: a value of type "void (*)(char)" cannot be assigned to an entity of type "int"
Target not created
Rebuild target 'Target 1'
assembling Startup.s...
compiling BLTH.c...
BLTH.c(93): warning:  #951-D: return type of function "main" must be "int"
BLTH.c(109): error:  #513: a value of type "void (*)(char)" cannot be assigned to an entity of type "int"
Target not created
Rebuild target 'Target 1'
assembling Startup.s...
compiling BLTH.c...
BLTH.c(93): warning:  #951-D: return type of function "main" must be "int"
BLTH.c(109): error:  #513: a value of type "char (*)()" cannot be assigned to an entity of type "int"
Target not created
Rebuild target 'Target 1'
assembling Startup.s...
compiling BLTH.c...
BLTH.c(93): warning:  #951-D: return type of function "main" must be "int"
BLTH.c(109): error:  #513: a value of type "char (*)()" cannot be assigned to an entity of type "int"
Target not created
Build target 'Target 1'
compiling BLTH.c...
BLTH.c(93): warning:  #951-D: return type of function "main" must be "int"
linking...
Program Size: Code=1240 RO-data=16 RW-data=0 ZI-data=1256  
FromELF: creating hex file...
"blth.axf" - 0 Error(s), 1 Warning(s).
Build target 'Target 1'
linking...
Program Size: Code=1240 RO-data=16 RW-data=0 ZI-data=1256  
FromELF: creating hex file...
"blth.axf" - 0 Error(s), 0 Warning(s).
Rebuild target 'Target 1'
assembling Startup.s...
compiling BLTH.c...
BLTH.c(93): warning:  #951-D: return type of function "main" must be "int"
linking...
Program Size: Code=1240 RO-data=16 RW-data=0 ZI-data=1256  
FromELF: creating hex file...
"blth.axf" - 0 Error(s), 1 Warning(s).
Rebuild target 'Target 1'
assembling Startup.s...
compiling BLTH.c...
BLTH.c(93): warning:  #951-D: return type of function "main" must be "int"
linking...
Program Size: Code=1240 RO-data=16 RW-data=0 ZI-data=1256  
FromELF: creating hex file...
"blth.axf" - 0 Error(s), 1 Warning(s).
Rebuild target 'Target 1'
assembling Startup.s...
compiling BLTH.c...
BLTH.c(93): warning:  #951-D: return type of function "main" must be "int"
linking...
Program Size: Code=1272 RO-data=16 RW-data=0 ZI-data=1256  
FromELF: creating hex file...
"blth.axf" - 0 Error(s), 1 Warning(s).
Rebuild target 'Target 1'
assembling Startup.s...
compiling BLTH.c...
BLTH.c(93): warning:  #951-D: return type of function "main" must be "int"
linking...
Program Size: Code=1264 RO-data=16 RW-data=0 ZI-data=1256  
FromELF: creating hex file...
"blth.axf" - 0 Error(s), 1 Warning(s).
Rebuild target 'Target 1'
assembling Startup.s...
compiling BLTH.c...
BLTH.c(95): error:  #167: argument of type "char *" is incompatible with parameter of type "char"
BLTH.c(102): error:  #167: argument of type "char *" is incompatible with parameter of type "char"
BLTH.c(106): warning:  #951-D: return type of function "main" must be "int"
BLTH.c(127): warning:  #223-D: function "srting" declared implicitly
Target not created
Rebuild target 'Target 1'
assembling Startup.s...
compiling BLTH.c...
BLTH.c(95): error:  #167: argument of type "char *" is incompatible with parameter of type "char"
BLTH.c(102): error:  #167: argument of type "char *" is incompatible with parameter of type "char"
BLTH.c(106): warning:  #951-D: return type of function "main" must be "int"
Target not created
Build target 'Target 1'
compiling BLTH.c...
BLTH.c(106): warning:  #951-D: return type of function "main" must be "int"
linking...
Program Size: Code=1420 RO-data=16 RW-data=0 ZI-data=1256  
FromELF: creating hex file...
"blth.axf" - 0 Error(s), 1 Warning(s).
Build target 'Target 1'
linking...
Program Size: Code=1420 RO-data=16 RW-data=0 ZI-data=1256  
FromELF: creating hex file...
"blth.axf" - 0 Error(s), 0 Warning(s).
Rebuild target 'Target 1'
assembling Startup.s...
compiling BLTH.c...
BLTH.c(106): warning:  #951-D: return type of function "main" must be "int"
linking...
Program Size: Code=1428 RO-data=16 RW-data=0 ZI-data=1256  
FromELF: creating hex file...
"blth.axf" - 0 Error(s), 1 Warning(s).
Rebuild target 'Target 1'
assembling Startup.s...
compiling BLTH.c...
BLTH.c(106): warning:  #951-D: return type of function "main" must be "int"
linking...
Program Size: Code=1460 RO-data=16 RW-data=0 ZI-data=1256  
FromELF: creating hex file...
"blth.axf" - 0 Error(s), 1 Warning(s).
Rebuild target 'Target 1'
assembling Startup.s...
compiling BLTH.c...
BLTH.c(106): warning:  #951-D: return type of function "main" must be "int"
BLTH.c(135): error:  #142: expression must have pointer-to-object type
BLTH.c(136): error:  #142: expression must have pointer-to-object type
BLTH.c(108): warning:  #177-D: variable "y" was declared but never referenced
Target not created
Rebuild target 'Target 1'
assembling Startup.s...
compiling BLTH.c...
BLTH.c(106): warning:  #951-D: return type of function "main" must be "int"
BLTH.c(134): error:  #142: expression must have pointer-to-object type
BLTH.c(135): error:  #142: expression must have pointer-to-object type
BLTH.c(108): warning:  #177-D: variable "y" was declared but never referenced
Target not created
Build target 'Target 1'
compiling BLTH.c...
BLTH.c(106): warning:  #951-D: return type of function "main" must be "int"
BLTH.c(108): warning:  #177-D: variable "y" was declared but never referenced
BLTH.c(108): warning:  #177-D: variable "a" was declared but never referenced
BLTH.c(108): warning:  #177-D: variable "i" was declared but never referenced
linking...
Program Size: Code=1444 RO-data=16 RW-data=0 ZI-data=1256  
FromELF: creating hex file...
"blth.axf" - 0 Error(s), 4 Warning(s).
Rebuild target 'Target 1'
assembling Startup.s...
compiling BLTH.c...
BLTH.c(106): warning:  #951-D: return type of function "main" must be "int"
BLTH.c(108): warning:  #177-D: variable "y" was declared but never referenced
BLTH.c(108): warning:  #177-D: variable "a" was declared but never referenced
BLTH.c(108): warning:  #177-D: variable "i" was declared but never referenced
linking...
Program Size: Code=1444 RO-data=16 RW-data=0 ZI-data=1256  
FromELF: creating hex file...
"blth.axf" - 0 Error(s), 4 Warning(s).
Rebuild target 'Target 1'
assembling Startup.s...
compiling BLTH.c...
BLTH.c(106): warning:  #951-D: return type of function "main" must be "int"
BLTH.c(108): warning:  #177-D: variable "y" was declared but never referenced
linking...
Program Size: Code=1484 RO-data=16 RW-data=0 ZI-data=1256  
FromELF: creating hex file...
"blth.axf" - 0 Error(s), 2 Warning(s).
Build target 'Target 1'
compiling BLTH.c...
BLTH.c(106): warning:  #951-D: return type of function "main" must be "int"
BLTH.c(137): error:  #137: expression must be a modifiable lvalue
BLTH.c(108): warning:  #177-D: variable "y" was declared but never referenced
Target not created
Build target 'Target 1'
compiling BLTH.c...
BLTH.c(106): warning:  #951-D: return type of function "main" must be "int"
BLTH.c(134): warning:  #174-D: expression has no effect
BLTH.c(134): error:  #65: expected a ";"
BLTH.c(150): warning:  #12-D: parsing restarts here after previous syntax error
BLTH.c(108): warning:  #177-D: variable "y" was declared but never referenced
BLTH.c(108): warning:  #177-D: variable "i" was declared but never referenced
BLTH.c(109): warning:  #177-D: variable "a" was declared but never referenced
Target not created
Build target 'Target 1'
compiling BLTH.c...
BLTH.c(106): warning:  #951-D: return type of function "main" must be "int"
BLTH.c(150): error:  #40: expected an identifier
BLTH.c(108): warning:  #177-D: variable "y" was declared but never referenced
Target not created
Build target 'Target 1'
compiling BLTH.c...
BLTH.c(106): warning:  #951-D: return type of function "main" must be "int"
BLTH.c(150): error:  #40: expected an identifier
BLTH.c(108): warning:  #177-D: variable "y" was declared but never referenced
Target not created
Build target 'Target 1'
compiling BLTH.c...
BLTH.c(106): warning:  #951-D: return type of function "main" must be "int"
BLTH.c(108): warning:  #177-D: variable "y" was declared but never referenced
linking...
Program Size: Code=1612 RO-data=16 RW-data=0 ZI-data=1256  
FromELF: creating hex file...
"blth.axf" - 0 Error(s), 2 Warning(s).
Build target 'Target 1'
linking...
Program Size: Code=1612 RO-data=16 RW-data=0 ZI-data=1256  
FromELF: creating hex file...
"blth.axf" - 0 Error(s), 0 Warning(s).
Build target 'Target 1'
compiling BLTH.c...
BLTH.c(106): warning:  #951-D: return type of function "main" must be "int"
BLTH.c(144): error:  #65: expected a ";"
BLTH.c(108): warning:  #177-D: variable "y" was declared but never referenced
Target not created
Build target 'Target 1'
compiling BLTH.c...
BLTH.c(106): warning:  #951-D: return type of function "main" must be "int"
BLTH.c(144): error:  #65: expected a ";"
BLTH.c(108): warning:  #177-D: variable "y" was declared but never referenced
Target not created
Build target 'Target 1'
compiling BLTH.c...
BLTH.c(106): warning:  #951-D: return type of function "main" must be "int"
BLTH.c(108): warning:  #177-D: variable "y" was declared but never referenced
linking...
Program Size: Code=1616 RO-data=16 RW-data=0 ZI-data=1256  
FromELF: creating hex file...
"blth.axf" - 0 Error(s), 2 Warning(s).
Rebuild target 'Target 1'
assembling Startup.s...
compiling BLTH.c...
BLTH.c(106): warning:  #951-D: return type of function "main" must be "int"
BLTH.c(108): warning:  #177-D: variable "y" was declared but never referenced
linking...
Program Size: Code=1624 RO-data=16 RW-data=0 ZI-data=1256  
FromELF: creating hex file...
"blth.axf" - 0 Error(s), 2 Warning(s).
Build target 'Target 1'
compiling BLTH.c...
BLTH.c(106): warning:  #951-D: return type of function "main" must be "int"
BLTH.c(130): warning:  #223-D: function "lcd_string" declared implicitly
BLTH.c(108): warning:  #177-D: variable "y" was declared but never referenced
linking...
blth.axf: Error: L6218E: Undefined symbol lcd_string (referred from blth.o).
Target not created
Rebuild target 'Target 1'
assembling Startup.s...
compiling BLTH.c...
BLTH.c(106): warning:  #951-D: return type of function "main" must be "int"
BLTH.c(108): warning:  #177-D: variable "y" was declared but never referenced
linking...
Program Size: Code=1712 RO-data=16 RW-data=0 ZI-data=1256  
FromELF: creating hex file...
"blth.axf" - 0 Error(s), 2 Warning(s).
Build target 'Target 1'
compiling BLTH.c...
BLTH.c(106): warning:  #951-D: return type of function "main" must be "int"
BLTH.c(108): warning:  #177-D: variable "y" was declared but never referenced
linking...
Program Size: Code=1712 RO-data=16 RW-data=0 ZI-data=1256  
FromELF: creating hex file...
"blth.axf" - 0 Error(s), 2 Warning(s).
Build target 'Target 1'
linking...
Program Size: Code=1712 RO-data=16 RW-data=0 ZI-data=1256  
FromELF: creating hex file...
"blth.axf" - 0 Error(s), 0 Warning(s).
Rebuild target 'Target 1'
assembling Startup.s...
compiling BLTH.c...
BLTH.c(106): warning:  #951-D: return type of function "main" must be "int"
BLTH.c(108): warning:  #177-D: variable "y" was declared but never referenced
linking...
Program Size: Code=1712 RO-data=16 RW-data=0 ZI-data=1256  
FromELF: creating hex file...
"blth.axf" - 0 Error(s), 2 Warning(s).
Rebuild target 'Target 1'
assembling Startup.s...
compiling BLTH.c...
BLTH.c(87): warning:  #951-D: return type of function "main" must be "int"
BLTH.c(89): warning:  #177-D: variable "y" was declared but never referenced
linking...
Program Size: Code=1624 RO-data=16 RW-data=0 ZI-data=1256  
FromELF: creating hex file...
"blth.axf" - 0 Error(s), 2 Warning(s).
Build target 'Target 1'
compiling BLTH.c...
BLTH.c(87): warning:  #951-D: return type of function "main" must be "int"
BLTH.c(118): error:  #167: argument of type "void" is incompatible with parameter of type "char"
BLTH.c(89): warning:  #177-D: variable "y" was declared but never referenced
Target not created
Build target 'Target 1'
compiling BLTH.c...
BLTH.c(87): warning:  #951-D: return type of function "main" must be "int"
BLTH.c(118): error:  #167: argument of type "void" is incompatible with parameter of type "char"
BLTH.c(89): warning:  #177-D: variable "y" was declared but never referenced
Target not created
Build target 'Target 1'
compiling BLTH.c...
BLTH.c(87): warning:  #951-D: return type of function "main" must be "int"
BLTH.c(118): error:  #167: argument of type "void" is incompatible with parameter of type "char"
BLTH.c(89): warning:  #177-D: variable "y" was declared but never referenced
Target not created
Build target 'Target 1'
compiling BLTH.c...
BLTH.c(87): warning:  #951-D: return type of function "main" must be "int"
BLTH.c(118): error:  #167: argument of type "void" is incompatible with parameter of type "char"
BLTH.c(89): warning:  #177-D: variable "y" was declared but never referenced
Target not created
Build target 'Target 1'
compiling BLTH.c...
BLTH.c(87): warning:  #951-D: return type of function "main" must be "int"
BLTH.c(89): warning:  #177-D: variable "y" was declared but never referenced
linking...
Program Size: Code=1624 RO-data=16 RW-data=0 ZI-data=1256  
FromELF: creating hex file...
"blth.axf" - 0 Error(s), 2 Warning(s).
Build target 'Target 1'
compiling BLTH.c...
BLTH.c(87): warning:  #951-D: return type of function "main" must be "int"
BLTH.c(118): error:  #167: argument of type "void" is incompatible with parameter of type "char"
BLTH.c(89): warning:  #177-D: variable "y" was declared but never referenced
Target not created
Build target 'Target 1'
compiling BLTH.c...
BLTH.c(87): warning:  #951-D: return type of function "main" must be "int"
BLTH.c(89): warning:  #177-D: variable "y" was declared but never referenced
linking...
Program Size: Code=1624 RO-data=16 RW-data=0 ZI-data=1256  
FromELF: creating hex file...
"blth.axf" - 0 Error(s), 2 Warning(s).
Rebuild target 'Target 1'
assembling Startup.s...
compiling BLTH.c...
BLTH.c(87): warning:  #951-D: return type of function "main" must be "int"
BLTH.c(89): warning:  #177-D: variable "y" was declared but never referenced
linking...
Program Size: Code=1652 RO-data=16 RW-data=0 ZI-data=1256  
FromELF: creating hex file...
"blth.axf" - 0 Error(s), 2 Warning(s).
Build target 'Target 1'
compiling BLTH.c...
BLTH.c(87): warning:  #951-D: return type of function "main" must be "int"
BLTH.c(89): warning:  #177-D: variable "y" was declared but never referenced
linking...
Program Size: Code=1720 RO-data=16 RW-data=0 ZI-data=1256  
FromELF: creating hex file...
"blth.axf" - 0 Error(s), 2 Warning(s).
Build target 'Target 1'
compiling BLTH.c...
BLTH.c(87): warning:  #951-D: return type of function "main" must be "int"
BLTH.c(89): warning:  #177-D: variable "y" was declared but never referenced
linking...
Program Size: Code=1728 RO-data=16 RW-data=0 ZI-data=1256  
FromELF: creating hex file...
"blth.axf" - 0 Error(s), 2 Warning(s).
Build target 'Target 1'
compiling BLTH.c...
BLTH.c(87): warning:  #951-D: return type of function "main" must be "int"
BLTH.c(89): warning:  #177-D: variable "y" was declared but never referenced
linking...
Program Size: Code=1764 RO-data=16 RW-data=0 ZI-data=1256  
FromELF: creating hex file...
"blth.axf" - 0 Error(s), 2 Warning(s).
Build target 'Target 1'
linking...
Program Size: Code=1764 RO-data=16 RW-data=0 ZI-data=1256  
FromELF: creating hex file...
"blth.axf" - 0 Error(s), 0 Warning(s).
Build target 'Target 1'
compiling BLTH.c...
BLTH.c(87): warning:  #951-D: return type of function "main" must be "int"
BLTH.c(89): warning:  #177-D: variable "y" was declared but never referenced
linking...
Program Size: Code=1684 RO-data=16 RW-data=0 ZI-data=1256  
FromELF: creating hex file...
"blth.axf" - 0 Error(s), 2 Warning(s).
Rebuild target 'Target 1'
assembling Startup.s...
compiling BLTH.c...
BLTH.c(87): warning:  #951-D: return type of function "main" must be "int"
BLTH.c(136): error:  #165: too few arguments in function call
BLTH.c(136): error:  #513: a value of type "void" cannot be assigned to an entity of type "int"
BLTH.c(137): warning:  #140-D: too many arguments in function call
Target not created
Build target 'Target 1'
compiling BLTH.c...
BLTH.c(87): warning:  #951-D: return type of function "main" must be "int"
linking...
Program Size: Code=1864 RO-data=16 RW-data=0 ZI-data=1256  
FromELF: creating hex file...
"blth.axf" - 0 Error(s), 1 Warning(s).
Rebuild target 'Target 1'
assembling Startup.s...
compiling BLTH.c...
BLTH.c(87): warning:  #951-D: return type of function "main" must be "int"
linking...
Program Size: Code=1864 RO-data=16 RW-data=0 ZI-data=1256  
FromELF: creating hex file...
"blth.axf" - 0 Error(s), 1 Warning(s).
Build target 'Target 1'
compiling BLTH.c...
BLTH.c(87): warning:  #951-D: return type of function "main" must be "int"
BLTH.c(119): error:  #167: argument of type "char" is incompatible with parameter of type "char *"
Target not created
Rebuild target 'Target 1'
assembling Startup.s...
compiling BLTH.c...
BLTH.c(87): warning:  #951-D: return type of function "main" must be "int"
linking...
Program Size: Code=1880 RO-data=16 RW-data=0 ZI-data=1256  
FromELF: creating hex file...
"blth.axf" - 0 Error(s), 1 Warning(s).
Rebuild target 'Target 1'
assembling Startup.s...
compiling BLTH.c...
BLTH.c(87): warning:  #951-D: return type of function "main" must be "int"
linking...
Program Size: Code=1876 RO-data=16 RW-data=0 ZI-data=1256  
FromELF: creating hex file...
"blth.axf" - 0 Error(s), 1 Warning(s).
Build target 'Target 1'
compiling BLTH.c...
BLTH.c(87): warning:  #951-D: return type of function "main" must be "int"
linking...
Program Size: Code=1876 RO-data=16 RW-data=0 ZI-data=1256  
FromELF: creating hex file...
"blth.axf" - 0 Error(s), 1 Warning(s).
Rebuild target 'Target 1'
assembling Startup.s...
compiling BLTH.c...
BLTH.c(87): warning:  #951-D: return type of function "main" must be "int"
linking...
Program Size: Code=1892 RO-data=16 RW-data=0 ZI-data=1256  
FromELF: creating hex file...
"blth.axf" - 0 Error(s), 1 Warning(s).
Rebuild target 'Target 1'
assembling Startup.s...
compiling BLTH.c...
BLTH.c(87): warning:  #951-D: return type of function "main" must be "int"
linking...
Program Size: Code=1892 RO-data=16 RW-data=0 ZI-data=1256  
FromELF: creating hex file...
"blth.axf" - 0 Error(s), 1 Warning(s).
Rebuild target 'Target 1'
assembling Startup.s...
compiling BLTH.c...
BLTH.c(87): warning:  #951-D: return type of function "main" must be "int"
linking...
Program Size: Code=1900 RO-data=16 RW-data=0 ZI-data=1256  
FromELF: creating hex file...
"blth.axf" - 0 Error(s), 1 Warning(s).
Rebuild target 'Target 1'
assembling Startup.s...
compiling BLTH.c...
BLTH.c(87): warning:  #951-D: return type of function "main" must be "int"
linking...
Program Size: Code=1952 RO-data=16 RW-data=0 ZI-data=1256  
FromELF: creating hex file...
"blth.axf" - 0 Error(s), 1 Warning(s).
Rebuild target 'Target 1'
assembling Startup.s...
compiling BLTH.c...
BLTH.c(87): warning:  #951-D: return type of function "main" must be "int"
linking...
Program Size: Code=2000 RO-data=16 RW-data=0 ZI-data=1256  
FromELF: creating hex file...
"blth.axf" - 0 Error(s), 1 Warning(s).
Rebuild target 'Target 1'
assembling Startup.s...
compiling BLTH.c...
BLTH.c(87): warning:  #951-D: return type of function "main" must be "int"
linking...
Program Size: Code=2008 RO-data=16 RW-data=0 ZI-data=1256  
FromELF: creating hex file...
"blth.axf" - 0 Error(s), 1 Warning(s).
Rebuild target 'Target 1'
assembling Startup.s...
compiling BLTH.c...
BLTH.c(87): warning:  #951-D: return type of function "main" must be "int"
BLTH.c(155): error:  #20: identifier "IOSET" is undefined
BLTH.c(89): warning:  #177-D: variable "y" was declared but never referenced
BLTH.c(171): error: At end of source:  #67: expected a "}"
Target not created
Build target 'Target 1'
compiling BLTH.c...
BLTH.c(87): warning:  #951-D: return type of function "main" must be "int"
BLTH.c(155): error:  #20: identifier "IOSET" is undefined
BLTH.c(89): warning:  #177-D: variable "y" was declared but never referenced
Target not created
Build target 'Target 1'
compiling BLTH.c...
BLTH.c(87): warning:  #951-D: return type of function "main" must be "int"
BLTH.c(155): error:  #20: identifier "IOSET" is undefined
BLTH.c(89): warning:  #177-D: variable "y" was declared but never referenced
Target not created
Rebuild target 'Target 1'
assembling Startup.s...
compiling BLTH.c...
BLTH.c(87): warning:  #951-D: return type of function "main" must be "int"
BLTH.c(89): warning:  #177-D: variable "y" was declared but never referenced
linking...
Program Size: Code=2040 RO-data=16 RW-data=0 ZI-data=1256  
FromELF: creating hex file...
"blth.axf" - 0 Error(s), 2 Warning(s).
Rebuild target 'Target 1'
assembling Startup.s...
compiling BLTH.c...
BLTH.c(87): warning:  #951-D: return type of function "main" must be "int"
BLTH.c(89): warning:  #177-D: variable "y" was declared but never referenced
linking...
Program Size: Code=2040 RO-data=16 RW-data=0 ZI-data=1256  
FromELF: creating hex file...
"blth.axf" - 0 Error(s), 2 Warning(s).
Rebuild target 'Target 1'
assembling Startup.s...
compiling BLTH.c...
BLTH.c(87): warning:  #951-D: return type of function "main" must be "int"
BLTH.c(89): warning:  #177-D: variable "y" was declared but never referenced
linking...
Program Size: Code=2040 RO-data=16 RW-data=0 ZI-data=1256  
FromELF: creating hex file...
"blth.axf" - 0 Error(s), 2 Warning(s).
Rebuild target 'Target 1'
assembling Startup.s...
compiling BLTH.c...
BLTH.c(87): warning:  #951-D: return type of function "main" must be "int"
BLTH.c(89): warning:  #177-D: variable "y" was declared but never referenced
linking...
Program Size: Code=2124 RO-data=16 RW-data=0 ZI-data=1256  
FromELF: creating hex file...
"blth.axf" - 0 Error(s), 2 Warning(s).
Rebuild target 'Target 1'
assembling Startup.s...
compiling BLTH.c...
BLTH.c(87): warning:  #951-D: return type of function "main" must be "int"
BLTH.c(89): warning:  #177-D: variable "y" was declared but never referenced
linking...
Program Size: Code=2152 RO-data=16 RW-data=0 ZI-data=1256  
FromELF: creating hex file...
"blth.axf" - 0 Error(s), 2 Warning(s).
Rebuild target 'Target 1'
assembling Startup.s...
compiling BLTH.c...
BLTH.c(87): warning:  #951-D: return type of function "main" must be "int"
BLTH.c(89): warning:  #177-D: variable "y" was declared but never referenced
linking...
Program Size: Code=2172 RO-data=16 RW-data=0 ZI-data=1256  
FromELF: creating hex file...
"blth.axf" - 0 Error(s), 2 Warning(s).
Rebuild target 'Target 1'
assembling Startup.s...
compiling BLTH.c...
BLTH.c(87): warning:  #951-D: return type of function "main" must be "int"
BLTH.c(89): warning:  #177-D: variable "y" was declared but never referenced
linking...
Program Size: Code=2164 RO-data=16 RW-data=0 ZI-data=1256  
FromELF: creating hex file...
"blth.axf" - 0 Error(s), 2 Warning(s).
Rebuild target 'Target 1'
assembling Startup.s...
compiling BLTH.c...
BLTH.c(87): warning:  #951-D: return type of function "main" must be "int"
BLTH.c(89): warning:  #177-D: variable "y" was declared but never referenced
linking...
Program Size: Code=2164 RO-data=16 RW-data=0 ZI-data=1256  
FromELF: creating hex file...
"blth.axf" - 0 Error(s), 2 Warning(s).
Rebuild target 'Target 1'
assembling Startup.s...
compiling BLTH.c...
BLTH.c(87): warning:  #951-D: return type of function "main" must be "int"
BLTH.c(89): warning:  #177-D: variable "y" was declared but never referenced
linking...
Program Size: Code=2272 RO-data=16 RW-data=0 ZI-data=1256  
FromELF: creating hex file...
"blth.axf" - 0 Error(s), 2 Warning(s).
Rebuild target 'Target 1'
assembling Startup.s...
compiling BLTH.c...
BLTH.c(87): warning:  #951-D: return type of function "main" must be "int"
BLTH.c(89): warning:  #177-D: variable "y" was declared but never referenced
linking...
Program Size: Code=2408 RO-data=16 RW-data=0 ZI-data=1256  
FromELF: creating hex file...
"blth.axf" - 0 Error(s), 2 Warning(s).
Rebuild target 'Target 1'
assembling Startup.s...
compiling BLTH.c...
BLTH.c(87): warning:  #951-D: return type of function "main" must be "int"
BLTH.c(199): error:  #127: expected a statement
BLTH.c(215): warning:  #12-D: parsing restarts here after previous syntax error
BLTH.c(89): warning:  #177-D: variable "y" was declared but never referenced
BLTH.c(89): warning:  #177-D: variable "d" was declared but never referenced
BLTH.c(89): warning:  #177-D: variable "c" was declared but never referenced
Target not created
Rebuild target 'Target 1'
assembling Startup.s...
compiling BLTH.c...
BLTH.c(87): warning:  #951-D: return type of function "main" must be "int"
BLTH.c(199): error:  #127: expected a statement
BLTH.c(215): warning:  #12-D: parsing restarts here after previous syntax error
BLTH.c(89): warning:  #177-D: variable "y" was declared but never referenced
BLTH.c(89): warning:  #177-D: variable "d" was declared but never referenced
BLTH.c(89): warning:  #177-D: variable "c" was declared but never referenced
Target not created
Rebuild target 'Target 1'
assembling Startup.s...
compiling BLTH.c...
BLTH.c(87): warning:  #951-D: return type of function "main" must be "int"
BLTH.c(89): warning:  #177-D: variable "y" was declared but never referenced
linking...
Program Size: Code=2108 RO-data=16 RW-data=0 ZI-data=1256  
FromELF: creating hex file...
"blth.axf" - 0 Error(s), 2 Warning(s).
Rebuild target 'Target 1'
assembling Startup.s...
compiling BLTH.c...
BLTH.c(87): warning:  #951-D: return type of function "main" must be "int"
BLTH.c(89): warning:  #177-D: variable "y" was declared but never referenced
linking...
Program Size: Code=2104 RO-data=16 RW-data=0 ZI-data=1256  
FromELF: creating hex file...
"blth.axf" - 0 Error(s), 2 Warning(s).
Rebuild target 'Target 1'
assembling Startup.s...
compiling BLTH.c...
BLTH.c(87): warning:  #951-D: return type of function "main" must be "int"
BLTH.c(89): warning:  #177-D: variable "y" was declared but never referenced
linking...
Program Size: Code=2104 RO-data=16 RW-data=0 ZI-data=1256  
FromELF: creating hex file...
"blth.axf" - 0 Error(s), 2 Warning(s).
Rebuild target 'Target 1'
assembling Startup.s...
compiling BLTH.c...
BLTH.c(87): warning:  #951-D: return type of function "main" must be "int"
BLTH.c(89): warning:  #177-D: variable "y" was declared but never referenced
linking...
Program Size: Code=2104 RO-data=16 RW-data=0 ZI-data=1256  
FromELF: creating hex file...
"blth.axf" - 0 Error(s), 2 Warning(s).
Build target 'Target 1'
compiling BLTH.c...
BLTH.c(87): warning:  #951-D: return type of function "main" must be "int"
BLTH.c(89): warning:  #177-D: variable "y" was declared but never referenced
linking...
Program Size: Code=2104 RO-data=16 RW-data=0 ZI-data=1256  
FromELF: creating hex file...
"blth.axf" - 0 Error(s), 2 Warning(s).
Build target 'Target 1'
compiling BLTH.c...
BLTH.c(87): warning:  #951-D: return type of function "main" must be "int"
BLTH.c(89): warning:  #177-D: variable "y" was declared but never referenced
linking...
Program Size: Code=2404 RO-data=16 RW-data=0 ZI-data=1256  
FromELF: creating hex file...
"blth.axf" - 0 Error(s), 2 Warning(s).
Rebuild target 'Target 1'
assembling Startup.s...
compiling BLTH.c...
BLTH.c(87): warning:  #951-D: return type of function "main" must be "int"
BLTH.c(89): error:  #101: "d" has already been declared in the current scope
BLTH.c(199): error:  #137: expression must be a modifiable lvalue
BLTH.c(199): error:  #137: expression must be a modifiable lvalue
BLTH.c(201): error:  #1460: expression must have integral or fixed-point type
BLTH.c(203): error:  #1460: expression must have integral or fixed-point type
BLTH.c(89): warning:  #177-D: variable "y" was declared but never referenced
BLTH.c(89): warning:  #177-D: variable "d" was declared but never referenced
Target not created
Rebuild target 'Target 1'
assembling Startup.s...
compiling BLTH.c...
BLTH.c(87): warning:  #951-D: return type of function "main" must be "int"
BLTH.c(89): warning:  #177-D: variable "y" was declared but never referenced
linking...
Program Size: Code=2456 RO-data=36 RW-data=0 ZI-data=1256  
FromELF: creating hex file...
"blth.axf" - 0 Error(s), 2 Warning(s).
Rebuild target 'Target 1'
assembling Startup.s...
compiling BLTH.c...
BLTH.c(87): warning:  #951-D: return type of function "main" must be "int"
BLTH.c(89): warning:  #177-D: variable "y" was declared but never referenced
linking...
Program Size: Code=2456 RO-data=36 RW-data=0 ZI-data=1256  
FromELF: creating hex file...
"blth.axf" - 0 Error(s), 2 Warning(s).
Build target 'Target 1'
compiling BLTH.c...
BLTH.c(87): warning:  #951-D: return type of function "main" must be "int"
BLTH.c(89): warning:  #177-D: variable "y" was declared but never referenced
linking...
Program Size: Code=2464 RO-data=36 RW-data=0 ZI-data=1256  
FromELF: creating hex file...
"blth.axf" - 0 Error(s), 2 Warning(s).
Build target 'Target 1'
linking...
Program Size: Code=2464 RO-data=36 RW-data=0 ZI-data=1256  
FromELF: creating hex file...
"blth.axf" - 0 Error(s), 0 Warning(s).
Rebuild target 'Target 1'
assembling Startup.s...
compiling BLTH.c...
BLTH.c(87): warning:  #951-D: return type of function "main" must be "int"
BLTH.c(89): warning:  #177-D: variable "y" was declared but never referenced
linking...
Program Size: Code=2464 RO-data=36 RW-data=0 ZI-data=1256  
FromELF: creating hex file...
"blth.axf" - 0 Error(s), 2 Warning(s).
Rebuild target 'Target 1'
assembling Startup.s...
compiling BLTH.c...
BLTH.c(87): warning:  #951-D: return type of function "main" must be "int"
BLTH.c(89): warning:  #177-D: variable "y" was declared but never referenced
linking...
Program Size: Code=2468 RO-data=36 RW-data=0 ZI-data=1256  
FromELF: creating hex file...
"blth.axf" - 0 Error(s), 2 Warning(s).
Build target 'Target 1'
compiling BLTH.c...
BLTH.c(87): warning:  #951-D: return type of function "main" must be "int"
BLTH.c(89): warning:  #177-D: variable "y" was declared but never referenced
linking...
Program Size: Code=2476 RO-data=36 RW-data=0 ZI-data=1256  
FromELF: creating hex file...
"blth.axf" - 0 Error(s), 2 Warning(s).
Build target 'Target 1'
linking...
Program Size: Code=2476 RO-data=36 RW-data=0 ZI-data=1256  
FromELF: creating hex file...
"blth.axf" - 0 Error(s), 0 Warning(s).
Rebuild target 'Target 1'
assembling Startup.s...
compiling BLTH.c...
BLTH.c(87): warning:  #951-D: return type of function "main" must be "int"
BLTH.c(89): warning:  #177-D: variable "y" was declared but never referenced
linking...
Program Size: Code=2484 RO-data=36 RW-data=0 ZI-data=1256  
FromELF: creating hex file...
"blth.axf" - 0 Error(s), 2 Warning(s).
Rebuild target 'Target 1'
assembling Startup.s...
compiling BLTH.c...
BLTH.c(87): warning:  #951-D: return type of function "main" must be "int"
BLTH.c(89): warning:  #177-D: variable "y" was declared but never referenced
linking...
Program Size: Code=2480 RO-data=36 RW-data=0 ZI-data=1256  
FromELF: creating hex file...
"blth.axf" - 0 Error(s), 2 Warning(s).
Build target 'Target 1'
compiling BLTH.c...
BLTH.c(87): warning:  #951-D: return type of function "main" must be "int"
BLTH.c(89): warning:  #177-D: variable "y" was declared but never referenced
linking...
Program Size: Code=2484 RO-data=36 RW-data=0 ZI-data=1256  
FromELF: creating hex file...
"blth.axf" - 0 Error(s), 2 Warning(s).
Build target 'Target 1'
compiling BLTH.c...
BLTH.c(87): warning:  #951-D: return type of function "main" must be "int"
BLTH.c(89): warning:  #177-D: variable "y" was declared but never referenced
linking...
Program Size: Code=2484 RO-data=36 RW-data=0 ZI-data=1256  
FromELF: creating hex file...
"blth.axf" - 0 Error(s), 2 Warning(s).
Rebuild target 'Target 1'
assembling Startup.s...
compiling BLTH.c...
BLTH.c(87): warning:  #951-D: return type of function "main" must be "int"
BLTH.c(89): warning:  #177-D: variable "y" was declared but never referenced
linking...
Program Size: Code=2496 RO-data=36 RW-data=0 ZI-data=1256  
FromELF: creating hex file...
"blth.axf" - 0 Error(s), 2 Warning(s).
Rebuild target 'Target 1'
assembling Startup.s...
compiling BLTH.c...
BLTH.c(87): warning:  #951-D: return type of function "main" must be "int"
BLTH.c(89): warning:  #177-D: variable "y" was declared but never referenced
linking...
Program Size: Code=2492 RO-data=36 RW-data=0 ZI-data=1256  
FromELF: creating hex file...
"blth.axf" - 0 Error(s), 2 Warning(s).
Rebuild target 'Target 1'
assembling Startup.s...
compiling BLTH.c...
BLTH.c(87): warning:  #951-D: return type of function "main" must be "int"
BLTH.c(89): warning:  #177-D: variable "y" was declared but never referenced
BLTH.c(89): warning:  #177-D: variable "n" was declared but never referenced
BLTH.c(144): error:  #114: label "z" was referenced but not defined
Target not created
Rebuild target 'Target 1'
assembling Startup.s...
compiling BLTH.c...
BLTH.c(87): warning:  #951-D: return type of function "main" must be "int"
BLTH.c(89): warning:  #177-D: variable "y" was declared but never referenced
linking...
Program Size: Code=2476 RO-data=36 RW-data=0 ZI-data=1256  
FromELF: creating hex file...
"blth.axf" - 0 Error(s), 2 Warning(s).
Rebuild target 'Target 1'
assembling Startup.s...
compiling BLTH.c...
BLTH.c(87): warning:  #951-D: return type of function "main" must be "int"
BLTH.c(89): warning:  #177-D: variable "y" was declared but never referenced
linking...
Program Size: Code=2480 RO-data=36 RW-data=0 ZI-data=1256  
FromELF: creating hex file...
"blth.axf" - 0 Error(s), 2 Warning(s).
Rebuild target 'Target 1'
assembling Startup.s...
compiling BLTH.c...
BLTH.c(87): warning:  #951-D: return type of function "main" must be "int"
BLTH.c(89): warning:  #177-D: variable "y" was declared but never referenced
linking...
Program Size: Code=2480 RO-data=36 RW-data=0 ZI-data=1256  
FromELF: creating hex file...
"blth.axf" - 0 Error(s), 2 Warning(s).
Rebuild target 'Target 1'
assembling Startup.s...
compiling BLTH.c...
BLTH.c(87): warning:  #951-D: return type of function "main" must be "int"
BLTH.c(89): warning:  #177-D: variable "y" was declared but never referenced
BLTH.c(177): error:  #114: label "x" was referenced but not defined
Target not created
Rebuild target 'Target 1'
assembling Startup.s...
compiling BLTH.c...
BLTH.c(87): warning:  #951-D: return type of function "main" must be "int"
BLTH.c(89): warning:  #177-D: variable "y" was declared but never referenced
linking...
Program Size: Code=2468 RO-data=36 RW-data=0 ZI-data=1256  
FromELF: creating hex file...
"blth.axf" - 0 Error(s), 2 Warning(s).
Rebuild target 'Target 1'
assembling Startup.s...
compiling BLTH.c...
BLTH.c(87): warning:  #951-D: return type of function "main" must be "int"
BLTH.c(89): warning:  #177-D: variable "y" was declared but never referenced
linking...
Program Size: Code=2468 RO-data=36 RW-data=0 ZI-data=1256  
FromELF: creating hex file...
"blth.axf" - 0 Error(s), 2 Warning(s).
Build target 'Target 1'
compiling BLTH.c...
BLTH.c(87): warning:  #951-D: return type of function "main" must be "int"
BLTH.c(89): warning:  #177-D: variable "y" was declared but never referenced
linking...
Program Size: Code=2476 RO-data=36 RW-data=0 ZI-data=1256  
FromELF: creating hex file...
"blth.axf" - 0 Error(s), 2 Warning(s).
Build target 'Target 1'
linking...
Program Size: Code=2476 RO-data=36 RW-data=0 ZI-data=1256  
FromELF: creating hex file...
"blth.axf" - 0 Error(s), 0 Warning(s).
Rebuild target 'Target 1'
assembling Startup.s...
compiling BLTH.c...
BLTH.c(87): warning:  #951-D: return type of function "main" must be "int"
BLTH.c(89): warning:  #177-D: variable "y" was declared but never referenced
linking...
Program Size: Code=2436 RO-data=36 RW-data=0 ZI-data=1256  
FromELF: creating hex file...
"blth.axf" - 0 Error(s), 2 Warning(s).
Rebuild target 'Target 1'
assembling Startup.s...
compiling BLTH.c...
BLTH.c(87): warning:  #951-D: return type of function "main" must be "int"
BLTH.c(89): warning:  #177-D: variable "y" was declared but never referenced
linking...
Program Size: Code=2444 RO-data=36 RW-data=0 ZI-data=1256  
FromELF: creating hex file...
"blth.axf" - 0 Error(s), 2 Warning(s).
